// Jest Snapshot v1, https://goo.gl/fbAQLP

exports[`Image Image Snapshot testing 1`] = `
<section>
  <div>
    <img
      className=""
    />
  </div>
</section>
`;
